 PHEI   ARG    THR    PHE    PRO    GLY    ILE    PRO    LYS    TRP  
 ARG    LYS    THR    HISE   LEU    THR    TYR    ARG    ILE    VAL  
 ASN    TYR    THR    PRO    ASP    LEU    PRO    LYS    ASP    ALA  
 VAL    ASP    SER    ALA    VAL    GLU    LYS    ALA    LEU    LYS  
 VAL    TRP    GLU    GLU    VAL    THR    PRO    LEU    THR    PHE  
 SER    ARG    LEU    TYR    GLU    GLY    GLU    ALA    ASP    ILE  
 MET    ILE    SER    PHE    ALA    VAL    ARG    GLU    HISE   GLY  
 ASP    PHE    TYR    PRO    PHE    ASP    GLY    PRO    GLY    ASN  
 VAL    LEU    ALA    HISE   ALA    TYR    ALA    PRO    GLY    PRO  
 GLY    ILE    ASN    GLY    ASP    ALA    HISE   PHE    ASP    ASP  
 ASP    GLU    GLN    TRP    THR    LYS    ASP    THR    THR    GLY  
 THR    ASN    LEU    PHE    LEU    VAL    ALA    ALA    HISE   GLU  
 ILE    GLY    HISE   SER    LEU    GLY    LEU    PHE    HISE   SER  
 ALA    ASN    THR    GLU    ALA    LEU    MET    TYR    PRO    LEU  
 TYR    HISE   SER    LEU    THR    ASP    LEU    THR    ARG    PHE  
 ARG    LEU    SER    GLN    ASP    ASP    ILE    ASN    GLY    ILE  
 GLN    SER    LEU    TYR    GLY    PRO    PRO    PROT 

NUMERO DE AMINOACIDOS DA CADEIA : 168


NUMERO DE ATOMOS DA CADEIA :  1607

FORAM RECONSTRUIDOS   268 ATOMOS DE HIDROGENIO
